// Jest Snapshot v1, https://goo.gl/fbAQLP

exports[`<ProductCategory/> should match snapshot 1`] = `
<DocumentFragment>
  <div>
    <h1
      class="sc-bdfBwQ fLjPHF"
    >
      Jackets
    </h1>
    <div
      class="sc-gsTCUz rJKlv"
    >
      <svg
        aria-hidden="true"
        class="svg-inline--fa fa-search fa-w-16 sc-dlfnbm hUuCRR"
        color="#bbb"
        data-icon="search"
        data-prefix="fas"
        focusable="false"
        role="img"
        viewBox="0 0 512 512"
        xmlns="http://www.w3.org/2000/svg"
      >
        <path
          d="M505 442.7L405.3 343c-4.5-4.5-10.6-7-17-7H372c27.6-35.3 44-79.7 44-128C416 93.1 322.9 0 208 0S0 93.1 0 208s93.1 208 208 208c48.3 0 92.7-16.4 128-44v16.3c0 6.4 2.5 12.5 7 17l99.7 99.7c9.4 9.4 24.6 9.4 33.9 0l28.3-28.3c9.4-9.4 9.4-24.6.1-34zM208 336c-70.7 0-128-57.2-128-128 0-70.7 57.2-128 128-128 70.7 0 128 57.2 128 128 0 70.7-57.2 128-128 128z"
          fill="currentColor"
        />
      </svg>
      <input
        class="sc-hKgILt cTcqRn"
        placeholder="Filter by Name"
      />
    </div>
    <div
      class="sc-eCssSg duHnSf"
    >
      <div
        class="sc-hBEYos mHOcC"
      >
        <div
          class="sc-jSgupP dyMIlS"
        >
          EWHHOP ROOM
        </div>
        <div
          class="sc-gKsewC iaRKPh"
        >
          reps
        </div>
        <div
          class="sc-pFZIQ kzHLGl"
        >
          Available colors: 
          <div
            class="sc-jrAGrp iyIsys"
            color="blue"
            data-testid="color-button"
          />
          <div
            class="sc-iBPRYJ iXdAIx"
          />
        </div>
        <div
          class="sc-fubCfw bDUSrg"
        >
          $52
        </div>
      </div>
      <div
        class="sc-hBEYos mHOcC"
      >
        <div
          class="sc-jSgupP dyMIlS"
        >
          WEERLEP METROPOLIS RAPTOR
        </div>
        <div
          class="sc-gKsewC iaRKPh"
        >
          reps
        </div>
        <div
          class="sc-pFZIQ kzHLGl"
        >
          Available colors: 
          <div
            class="sc-jrAGrp fRONuR"
            color="black"
            data-testid="color-button"
          />
          <div
            class="sc-iBPRYJ iXdAIx"
          />
        </div>
        <div
          class="sc-fubCfw fnFdVi"
        >
          $98
        </div>
      </div>
      <div
        class="sc-hBEYos mHOcC"
      >
        <div
          class="sc-jSgupP dyMIlS"
        >
          DERWEER TYRANNUS BANG
        </div>
        <div
          class="sc-gKsewC iaRKPh"
        >
          abiplos
        </div>
        <div
          class="sc-pFZIQ kzHLGl"
        >
          Available colors: 
          <div
            class="sc-jrAGrp efDoro"
            color="purple"
            data-testid="color-button"
          />
          <div
            class="sc-iBPRYJ iXdAIx"
          />
        </div>
        <div
          class="sc-fubCfw iQukNH"
        >
          $15
        </div>
      </div>
    </div>
    <div
      class="sc-kEjbxe jJfbkl"
    >
      <div
        class="sc-iqHYGH kPMMMG"
      >
        <div
          class="sc-crrsfI jdXTAL"
        >
          &lt;&lt; Prev
        </div>
        <div
          class="sc-dQppl iGUJzW"
        >
          1 - 2 / 3
        </div>
        <div
          class="sc-crrsfI jdXTAL"
        >
          Next &gt;&gt;
        </div>
      </div>
    </div>
  </div>
</DocumentFragment>
`;
