// Jest Snapshot v1, https://goo.gl/fbAQLP

exports[`<Accessories/> should match snapshot 1`] = `
<DocumentFragment>
  <div
    class="sc-bdfBwQ EtZUd"
    data-testid="spinner"
  />
</DocumentFragment>
`;
