// Jest Snapshot v1, https://goo.gl/fbAQLP

exports[`<App /> should match snapshot 1`] = `
<DocumentFragment>
  <div
    class="sc-hKgILt hGltGz"
  >
    <button
      class="sc-gsTCUz eBomCS"
      data-testid="burger"
    >
      <div />
      <div />
      <div />
    </button>
    <nav
      class="sc-dlfnbm xgSlL"
    >
      <a
        href="/"
      >
        Home
      </a>
      <a
        href="/jackets"
      >
        Jackets
      </a>
      <a
        href="/shirts"
      >
        Shirts
      </a>
      <a
        href="/accessories"
      >
        Accessories
      </a>
    </nav>
    <a
      aria-current="page"
      class="sc-eCssSg eRyLcw active"
      href="/"
    >
      <img
        alt="logo"
        src="globe.svg"
      />
    </a>
    <a
      class="sc-jSgupP zTMoV"
      href="/jackets"
    >
      Jackets
    </a>
    <a
      class="sc-jSgupP zTMoV"
      href="/shirts"
    >
      Shirts
    </a>
    <a
      class="sc-jSgupP zTMoV"
      href="/accessories"
    >
      Accessories
    </a>
  </div>
  <div
    class="sc-bdfBwQ keLBL"
  >
    <div>
      <h1
        class="sc-bBXqnf farLYQ"
      >
        Accessory Paradise
      </h1>
      <h1
        class="sc-iwyYcG juxsqh"
      >
        Hey there...
      </h1>
      <div
        class="sc-cxFLnm LIiWR"
      >
        <p
          class="sc-lmoMRL hYJjrK"
        >
          Browse through. We've got pretty much everything a person might ever need, like jackets, shirts, sunglasses, bracelets and shit...
        </p>
      </div>
    </div>
  </div>
</DocumentFragment>
`;
